MPLINK 5.09, LINKER
Linker Map File - Created Sun May 24 21:08:31 2020

                                 Section Info
                  Section       Type    Address   Location Size(Bytes)
                ---------  ---------  ---------  ---------  ---------
                 RES_VECT       code   0x000000    program   0x000002
                   .cinit    romdata   0x000001    program   0x000004
                MAIN_PROG       code   0x000003    program   0x00003e
.config_2007_BUILD/DEFAULT/PRODUCTION/MAIN_P1       code   0x002007    program   0x000002



                              Program Memory Usage 
                               Start         End      
                           ---------   ---------      
                            0x000000    0x000021      
                            0x002007    0x002007      
            35 out of 2182 program addresses used, program memory utilization is 1%



                              Symbols - Sorted by Name
                     Name    Address   Location    Storage File                     
                ---------  ---------  ---------  --------- ---------                
                 END_PROG   0x000022    program     static /home/jorozco/Documentos/arq/PIC16F628/PROJ1/main_p1.asm
                MAIN_PROG   0x000006    program     static /home/jorozco/Documentos/arq/PIC16F628/PROJ1/main_p1.asm
                 ROTA_DER   0x00000d    program     static /home/jorozco/Documentos/arq/PIC16F628/PROJ1/main_p1.asm
                 ROTA_IZQ   0x000010    program     static /home/jorozco/Documentos/arq/PIC16F628/PROJ1/main_p1.asm
                    START   0x000003    program     static /home/jorozco/Documentos/arq/PIC16F628/PROJ1/main_p1.asm
                   VERIFY   0x00000a    program     static /home/jorozco/Documentos/arq/PIC16F628/PROJ1/main_p1.asm
                dec_loop1   0x000015    program     static /home/jorozco/Documentos/arq/PIC16F628/PROJ1/main_p1.asm
                dec_loop2   0x00001a    program     static /home/jorozco/Documentos/arq/PIC16F628/PROJ1/main_p1.asm
                dec_loop3   0x00001f    program     static /home/jorozco/Documentos/arq/PIC16F628/PROJ1/main_p1.asm
                    delay   0x000013    program     static /home/jorozco/Documentos/arq/PIC16F628/PROJ1/main_p1.asm
                    loop2   0x000018    program     static /home/jorozco/Documentos/arq/PIC16F628/PROJ1/main_p1.asm
                    loop3   0x00001d    program     static /home/jorozco/Documentos/arq/PIC16F628/PROJ1/main_p1.asm



                              Symbols - Sorted by Address
                     Name    Address   Location    Storage File                     
                ---------  ---------  ---------  --------- ---------                
                    START   0x000003    program     static /home/jorozco/Documentos/arq/PIC16F628/PROJ1/main_p1.asm
                MAIN_PROG   0x000006    program     static /home/jorozco/Documentos/arq/PIC16F628/PROJ1/main_p1.asm
                   VERIFY   0x00000a    program     static /home/jorozco/Documentos/arq/PIC16F628/PROJ1/main_p1.asm
                 ROTA_DER   0x00000d    program     static /home/jorozco/Documentos/arq/PIC16F628/PROJ1/main_p1.asm
                 ROTA_IZQ   0x000010    program     static /home/jorozco/Documentos/arq/PIC16F628/PROJ1/main_p1.asm
                    delay   0x000013    program     static /home/jorozco/Documentos/arq/PIC16F628/PROJ1/main_p1.asm
                dec_loop1   0x000015    program     static /home/jorozco/Documentos/arq/PIC16F628/PROJ1/main_p1.asm
                    loop2   0x000018    program     static /home/jorozco/Documentos/arq/PIC16F628/PROJ1/main_p1.asm
                dec_loop2   0x00001a    program     static /home/jorozco/Documentos/arq/PIC16F628/PROJ1/main_p1.asm
                    loop3   0x00001d    program     static /home/jorozco/Documentos/arq/PIC16F628/PROJ1/main_p1.asm
                dec_loop3   0x00001f    program     static /home/jorozco/Documentos/arq/PIC16F628/PROJ1/main_p1.asm
                 END_PROG   0x000022    program     static /home/jorozco/Documentos/arq/PIC16F628/PROJ1/main_p1.asm


