MPLINK 5.09, LINKER
Linker Map File - Created Sun May 24 21:01:38 2020

                                 Section Info
                  Section       Type    Address   Location Size(Bytes)
                ---------  ---------  ---------  ---------  ---------
                 RES_VECT       code   0x000000    program   0x000002
                   .cinit    romdata   0x000001    program   0x000004
                MAIN_PROG       code   0x000003    program   0x00003c
.config_2007_BUILD/DEFAULT/PRODUCTION/MAIN_P1       code   0x002007    program   0x000002



                              Program Memory Usage 
                               Start         End      
                           ---------   ---------      
                            0x000000    0x000020      
                            0x002007    0x002007      
            34 out of 2182 program addresses used, program memory utilization is 1%



                              Symbols - Sorted by Name
                     Name    Address   Location    Storage File                     
                ---------  ---------  ---------  --------- ---------                
                 END_PROG   0x000021    program     static /home/jorozco/Documentos/arq/PIC16F628/PROJ1/main_p1.asm
                MAIN_PROG   0x000006    program     static /home/jorozco/Documentos/arq/PIC16F628/PROJ1/main_p1.asm
                 ROTA_DER   0x00000c    program     static /home/jorozco/Documentos/arq/PIC16F628/PROJ1/main_p1.asm
                 ROTA_IZQ   0x00000f    program     static /home/jorozco/Documentos/arq/PIC16F628/PROJ1/main_p1.asm
                    START   0x000003    program     static /home/jorozco/Documentos/arq/PIC16F628/PROJ1/main_p1.asm
                   VERIFY   0x000009    program     static /home/jorozco/Documentos/arq/PIC16F628/PROJ1/main_p1.asm
                dec_loop1   0x000014    program     static /home/jorozco/Documentos/arq/PIC16F628/PROJ1/main_p1.asm
                dec_loop2   0x000019    program     static /home/jorozco/Documentos/arq/PIC16F628/PROJ1/main_p1.asm
                dec_loop3   0x00001e    program     static /home/jorozco/Documentos/arq/PIC16F628/PROJ1/main_p1.asm
                    delay   0x000012    program     static /home/jorozco/Documentos/arq/PIC16F628/PROJ1/main_p1.asm
                    loop2   0x000017    program     static /home/jorozco/Documentos/arq/PIC16F628/PROJ1/main_p1.asm
                    loop3   0x00001c    program     static /home/jorozco/Documentos/arq/PIC16F628/PROJ1/main_p1.asm



                              Symbols - Sorted by Address
                     Name    Address   Location    Storage File                     
                ---------  ---------  ---------  --------- ---------                
                    START   0x000003    program     static /home/jorozco/Documentos/arq/PIC16F628/PROJ1/main_p1.asm
                MAIN_PROG   0x000006    program     static /home/jorozco/Documentos/arq/PIC16F628/PROJ1/main_p1.asm
                   VERIFY   0x000009    program     static /home/jorozco/Documentos/arq/PIC16F628/PROJ1/main_p1.asm
                 ROTA_DER   0x00000c    program     static /home/jorozco/Documentos/arq/PIC16F628/PROJ1/main_p1.asm
                 ROTA_IZQ   0x00000f    program     static /home/jorozco/Documentos/arq/PIC16F628/PROJ1/main_p1.asm
                    delay   0x000012    program     static /home/jorozco/Documentos/arq/PIC16F628/PROJ1/main_p1.asm
                dec_loop1   0x000014    program     static /home/jorozco/Documentos/arq/PIC16F628/PROJ1/main_p1.asm
                    loop2   0x000017    program     static /home/jorozco/Documentos/arq/PIC16F628/PROJ1/main_p1.asm
                dec_loop2   0x000019    program     static /home/jorozco/Documentos/arq/PIC16F628/PROJ1/main_p1.asm
                    loop3   0x00001c    program     static /home/jorozco/Documentos/arq/PIC16F628/PROJ1/main_p1.asm
                dec_loop3   0x00001e    program     static /home/jorozco/Documentos/arq/PIC16F628/PROJ1/main_p1.asm
                 END_PROG   0x000021    program     static /home/jorozco/Documentos/arq/PIC16F628/PROJ1/main_p1.asm


